I'm sorry, but errors were detected in your script. Please correct the
errors listed below, and try again.


File "game/script.rpy", line 111: 'target' is not a keyword argument or valid child of the nearrect statement.
    target "dropdown_button"
          ^

Ren'Py Version: Ren'Py 8.3.2.24090902
Tue Jan 28 22:34:02 2025
